This is pdfTeX, Version 3.141592653-2.6-1.40.22 (TeX Live 2022/dev/Debian) (preloaded format=pdflatex 2026.6.9)  12 JUN 2026 04:44
entering extended mode
 restricted \write18 enabled.
 %&-line parsing enabled.
**sec0_main.tex
(./sec0_main.tex
LaTeX2e <2021-11-15> patch level 1
L3 programming layer <2022-01-21> (./IEEEtran.cls
Document Class: IEEEtran 2015/08/26 V1.8b by Michael Shell
-- See the "IEEEtran_HOWTO" manual for usage information.
-- http://www.michaelshell.org/tex/ieeetran/
\@IEEEtrantmpdimenA=\dimen138
\@IEEEtrantmpdimenB=\dimen139
\@IEEEtrantmpdimenC=\dimen140
\@IEEEtrantmpcountA=\count185
\@IEEEtrantmpcountB=\count186
\@IEEEtrantmpcountC=\count187
\@IEEEtrantmptoksA=\toks16
LaTeX Font Info:    Trying to load font information for OT1+ptm on input line 5
03.
(/usr/share/texlive/texmf-dist/tex/latex/psnfss/ot1ptm.fd
File: ot1ptm.fd 2001/06/04 font definitions for OT1/ptm.
)
-- Using 8.5in x 11in (letter) paper.
-- Using PDF output.
\@IEEEnormalsizeunitybaselineskip=\dimen141
-- This is a 10 point document.
\CLASSINFOnormalsizebaselineskip=\dimen142
\CLASSINFOnormalsizeunitybaselineskip=\dimen143
\IEEEnormaljot=\dimen144
LaTeX Font Info:    Font shape `OT1/ptm/bx/n' in size <5> not available
(Font)              Font shape `OT1/ptm/b/n' tried instead on input line 1090.
LaTeX Font Info:    Font shape `OT1/ptm/bx/it' in size <5> not available
(Font)              Font shape `OT1/ptm/b/it' tried instead on input line 1090.

LaTeX Font Info:    Font shape `OT1/ptm/bx/n' in size <7> not available
(Font)              Font shape `OT1/ptm/b/n' tried instead on input line 1090.
LaTeX Font Info:    Font shape `OT1/ptm/bx/it' in size <7> not available
(Font)              Font shape `OT1/ptm/b/it' tried instead on input line 1090.

LaTeX Font Info:    Font shape `OT1/ptm/bx/n' in size <8> not available
(Font)              Font shape `OT1/ptm/b/n' tried instead on input line 1090.
LaTeX Font Info:    Font shape `OT1/ptm/bx/it' in size <8> not available
(Font)              Font shape `OT1/ptm/b/it' tried instead on input line 1090.

LaTeX Font Info:    Font shape `OT1/ptm/bx/n' in size <9> not available
(Font)              Font shape `OT1/ptm/b/n' tried instead on input line 1090.
LaTeX Font Info:    Font shape `OT1/ptm/bx/it' in size <9> not available
(Font)              Font shape `OT1/ptm/b/it' tried instead on input line 1090.

LaTeX Font Info:    Font shape `OT1/ptm/bx/n' in size <10> not available
(Font)              Font shape `OT1/ptm/b/n' tried instead on input line 1090.
LaTeX Font Info:    Font shape `OT1/ptm/bx/it' in size <10> not available
(Font)              Font shape `OT1/ptm/b/it' tried instead on input line 1090.

LaTeX Font Info:    Font shape `OT1/ptm/bx/n' in size <11> not available
(Font)              Font shape `OT1/ptm/b/n' tried instead on input line 1090.
LaTeX Font Info:    Font shape `OT1/ptm/bx/it' in size <11> not available
(Font)              Font shape `OT1/ptm/b/it' tried instead on input line 1090.

LaTeX Font Info:    Font shape `OT1/ptm/bx/n' in size <12> not available
(Font)              Font shape `OT1/ptm/b/n' tried instead on input line 1090.
LaTeX Font Info:    Font shape `OT1/ptm/bx/it' in size <12> not available
(Font)              Font shape `OT1/ptm/b/it' tried instead on input line 1090.

LaTeX Font Info:    Font shape `OT1/ptm/bx/n' in size <17> not available
(Font)              Font shape `OT1/ptm/b/n' tried instead on input line 1090.
LaTeX Font Info:    Font shape `OT1/ptm/bx/it' in size <17> not available
(Font)              Font shape `OT1/ptm/b/it' tried instead on input line 1090.

LaTeX Font Info:    Font shape `OT1/ptm/bx/n' in size <20> not available
(Font)              Font shape `OT1/ptm/b/n' tried instead on input line 1090.
LaTeX Font Info:    Font shape `OT1/ptm/bx/it' in size <20> not available
(Font)              Font shape `OT1/ptm/b/it' tried instead on input line 1090.

LaTeX Font Info:    Font shape `OT1/ptm/bx/n' in size <24> not available
(Font)              Font shape `OT1/ptm/b/n' tried instead on input line 1090.
LaTeX Font Info:    Font shape `OT1/ptm/bx/it' in size <24> not available
(Font)              Font shape `OT1/ptm/b/it' tried instead on input line 1090.

\IEEEquantizedlength=\dimen145
\IEEEquantizedlengthdiff=\dimen146
\IEEEquantizedtextheightdiff=\dimen147
\IEEEilabelindentA=\dimen148
\IEEEilabelindentB=\dimen149
\IEEEilabelindent=\dimen150
\IEEEelabelindent=\dimen151
\IEEEdlabelindent=\dimen152
\IEEElabelindent=\dimen153
\IEEEiednormlabelsep=\dimen154
\IEEEiedmathlabelsep=\dimen155
\IEEEiedtopsep=\skip47
\c@section=\count188
\c@subsection=\count189
\c@subsubsection=\count190
\c@paragraph=\count191
\c@IEEEsubequation=\count192
\abovecaptionskip=\skip48
\belowcaptionskip=\skip49
\c@figure=\count193
\c@table=\count194
\@IEEEeqnnumcols=\count195
\@IEEEeqncolcnt=\count196
\@IEEEsubeqnnumrollback=\count197
\@IEEEquantizeheightA=\dimen156
\@IEEEquantizeheightB=\dimen157
\@IEEEquantizeheightC=\dimen158
\@IEEEquantizeprevdepth=\dimen159
\@IEEEquantizemultiple=\count198
\@IEEEquantizeboxA=\box50
\@IEEEtmpitemindent=\dimen160
\IEEEPARstartletwidth=\dimen161
\c@IEEEbiography=\count199
\@IEEEtranrubishbin=\box51
)
** ATTENTION: Overriding command lockouts (line 2).
(/usr/share/texlive/texmf-dist/tex/latex/cite/cite.sty
LaTeX Info: Redefining \cite on input line 302.
LaTeX Info: Redefining \nocite on input line 332.
Package: cite 2015/02/27  v 5.5
)
(/usr/share/texlive/texmf-dist/tex/latex/amsmath/amsmath.sty
Package: amsmath 2021/10/15 v2.17l AMS math features
\@mathmargin=\skip50

For additional information on amsmath, use the `?' option.
(/usr/share/texlive/texmf-dist/tex/latex/amsmath/amstext.sty
Package: amstext 2021/08/26 v2.01 AMS text

(/usr/share/texlive/texmf-dist/tex/latex/amsmath/amsgen.sty
File: amsgen.sty 1999/11/30 v2.0 generic functions
\@emptytoks=\toks17
\ex@=\dimen162
))
(/usr/share/texlive/texmf-dist/tex/latex/amsmath/amsbsy.sty
Package: amsbsy 1999/11/29 v1.2d Bold Symbols
\pmbraise@=\dimen163
)
(/usr/share/texlive/texmf-dist/tex/latex/amsmath/amsopn.sty
Package: amsopn 2021/08/26 v2.02 operator names
)
\inf@bad=\count266
LaTeX Info: Redefining \frac on input line 234.
\uproot@=\count267
\leftroot@=\count268
LaTeX Info: Redefining \overline on input line 399.
\classnum@=\count269
\DOTSCASE@=\count270
LaTeX Info: Redefining \ldots on input line 496.
LaTeX Info: Redefining \dots on input line 499.
LaTeX Info: Redefining \cdots on input line 620.
\Mathstrutbox@=\box52
\strutbox@=\box53
\big@size=\dimen164
LaTeX Font Info:    Redeclaring font encoding OML on input line 743.
LaTeX Font Info:    Redeclaring font encoding OMS on input line 744.
\macc@depth=\count271
\c@MaxMatrixCols=\count272
\dotsspace@=\muskip16
\c@parentequation=\count273
\dspbrk@lvl=\count274
\tag@help=\toks18
\row@=\count275
\column@=\count276
\maxfields@=\count277
\andhelp@=\toks19
\eqnshift@=\dimen165
\alignsep@=\dimen166
\tagshift@=\dimen167
\tagwidth@=\dimen168
\totwidth@=\dimen169
\lineht@=\dimen170
\@envbody=\toks20
\multlinegap=\skip51
\multlinetaggap=\skip52
\mathdisplay@stack=\toks21
LaTeX Info: Redefining \[ on input line 2938.
LaTeX Info: Redefining \] on input line 2939.
)
(/usr/share/texlive/texmf-dist/tex/latex/amsfonts/amssymb.sty
Package: amssymb 2013/01/14 v3.01 AMS font symbols

(/usr/share/texlive/texmf-dist/tex/latex/amsfonts/amsfonts.sty
Package: amsfonts 2013/01/14 v3.01 Basic AMSFonts support
\symAMSa=\mathgroup4
\symAMSb=\mathgroup5
LaTeX Font Info:    Redeclaring math symbol \hbar on input line 98.
LaTeX Font Info:    Overwriting math alphabet `\mathfrak' in version `bold'
(Font)                  U/euf/m/n --> U/euf/b/n on input line 106.
))
(/usr/share/texlive/texmf-dist/tex/latex/algorithms/algorithmic.sty
Package: algorithmic 2009/08/24 v0.1 Document Style `algorithmic'

(/usr/share/texlive/texmf-dist/tex/latex/base/ifthen.sty
Package: ifthen 2020/11/24 v1.1c Standard LaTeX ifthen package (DPC)
)
(/usr/share/texlive/texmf-dist/tex/latex/graphics/keyval.sty
Package: keyval 2014/10/28 v1.15 key=value parser (DPC)
\KV@toks@=\toks22
)
\c@ALC@unique=\count278
\c@ALC@line=\count279
\c@ALC@rem=\count280
\c@ALC@depth=\count281
\ALC@tlm=\skip53
\algorithmicindent=\skip54
)
(/usr/share/texlive/texmf-dist/tex/latex/graphics/graphicx.sty
Package: graphicx 2021/09/16 v1.2d Enhanced LaTeX Graphics (DPC,SPQR)

(/usr/share/texlive/texmf-dist/tex/latex/graphics/graphics.sty
Package: graphics 2021/03/04 v1.4d Standard LaTeX Graphics (DPC,SPQR)

(/usr/share/texlive/texmf-dist/tex/latex/graphics/trig.sty
Package: trig 2021/08/11 v1.11 sin cos tan (DPC)
)
(/usr/share/texlive/texmf-dist/tex/latex/graphics-cfg/graphics.cfg
File: graphics.cfg 2016/06/04 v1.11 sample graphics configuration
)
Package graphics Info: Driver file: pdftex.def on input line 107.

(/usr/share/texlive/texmf-dist/tex/latex/graphics-def/pdftex.def
File: pdftex.def 2020/10/05 v1.2a Graphics/color driver for pdftex
))
\Gin@req@height=\dimen171
\Gin@req@width=\dimen172
)
(/usr/share/texlive/texmf-dist/tex/latex/base/textcomp.sty
Package: textcomp 2020/02/02 v2.0n Standard LaTeX package
)
(/usr/share/texlive/texmf-dist/tex/latex/booktabs/booktabs.sty
Package: booktabs 2020/01/12 v1.61803398 Publication quality tables
\heavyrulewidth=\dimen173
\lightrulewidth=\dimen174
\cmidrulewidth=\dimen175
\belowrulesep=\dimen176
\belowbottomsep=\dimen177
\aboverulesep=\dimen178
\abovetopsep=\dimen179
\cmidrulesep=\dimen180
\cmidrulekern=\dimen181
\defaultaddspace=\dimen182
\@cmidla=\count282
\@cmidlb=\count283
\@aboverulesep=\dimen183
\@belowrulesep=\dimen184
\@thisruleclass=\count284
\@lastruleclass=\count285
\@thisrulewidth=\dimen185
)
(/usr/share/texlive/texmf-dist/tex/latex/multirow/multirow.sty
Package: multirow 2021/03/15 v2.8 Span multiple rows of a table
\multirow@colwidth=\skip55
\multirow@cntb=\count286
\multirow@dima=\skip56
\bigstrutjot=\dimen186
)
(/usr/share/texlive/texmf-dist/tex/latex/url/url.sty
\Urlmuskip=\muskip17
Package: url 2013/09/16  ver 3.4  Verb mode for urls, etc.
)
(/usr/share/texlive/texmf-dist/tex/latex/xcolor/xcolor.sty
Package: xcolor 2021/10/31 v2.13 LaTeX color extensions (UK)

(/usr/share/texlive/texmf-dist/tex/latex/graphics-cfg/color.cfg
File: color.cfg 2016/01/02 v1.6 sample color configuration
)
Package xcolor Info: Driver file: pdftex.def on input line 227.

(/usr/share/texlive/texmf-dist/tex/latex/colortbl/colortbl.sty
Package: colortbl 2020/01/04 v1.0e Color table columns (DPC)

(/usr/share/texlive/texmf-dist/tex/latex/tools/array.sty
Package: array 2021/10/04 v2.5f Tabular extension package (FMi)
\col@sep=\dimen187
\ar@mcellbox=\box54
\extrarowheight=\dimen188
\NC@list=\toks23
\extratabsurround=\skip57
\backup@length=\skip58
\ar@cellbox=\box55
)
\everycr=\toks24
\minrowclearance=\skip59
)
\rownum=\count287
Package xcolor Info: Model `cmy' substituted by `cmy0' on input line 1352.
Package xcolor Info: Model `hsb' substituted by `rgb' on input line 1356.
Package xcolor Info: Model `RGB' extended on input line 1368.
Package xcolor Info: Model `HTML' substituted by `rgb' on input line 1370.
Package xcolor Info: Model `Hsb' substituted by `hsb' on input line 1371.
Package xcolor Info: Model `tHsb' substituted by `hsb' on input line 1372.
Package xcolor Info: Model `HSB' substituted by `hsb' on input line 1373.
Package xcolor Info: Model `Gray' substituted by `gray' on input line 1374.
Package xcolor Info: Model `wave' substituted by `hsb' on input line 1375.
)
(/usr/share/texlive/texmf-dist/tex/latex/makecell/makecell.sty
Package: makecell 2009/08/03 V0.1e Managing of Tab Column Heads and Cells
\rotheadsize=\dimen189
\c@nlinenum=\count288
\TeXr@lab=\toks25
)
(/usr/share/texlive/texmf-dist/tex/latex/algorithms/algorithm.sty
Package: algorithm 2009/08/24 v0.1 Document Style `algorithm' - floating enviro
nment

(/usr/share/texlive/texmf-dist/tex/latex/float/float.sty
Package: float 2001/11/08 v1.3d Float enhancements (AL)
\c@float@type=\count289
\float@exts=\toks26
\float@box=\box56
\@float@everytoks=\toks27
\@floatcapt=\box57
)
\@float@every@algorithm=\toks28
\c@algorithm=\count290
)
(/usr/share/texlive/texmf-dist/tex/latex/tools/xspace.sty
Package: xspace 2014/10/28 v1.13 Space after command names (DPC,MH)
)
(/usr/share/texlive/texmf-dist/tex/latex/l3backend/l3backend-pdftex.def
File: l3backend-pdftex.def 2022-01-12 L3 backend support: PDF output (pdfTeX)
\l__color_backend_stack_int=\count291
\l__pdf_internal_box=\box58
)
(./sec0_main.aux)
\openout1 = `sec0_main.aux'.

LaTeX Font Info:    Checking defaults for OML/cmm/m/it on input line 42.
LaTeX Font Info:    ... okay on input line 42.
LaTeX Font Info:    Checking defaults for OMS/cmsy/m/n on input line 42.
LaTeX Font Info:    ... okay on input line 42.
LaTeX Font Info:    Checking defaults for OT1/cmr/m/n on input line 42.
LaTeX Font Info:    ... okay on input line 42.
LaTeX Font Info:    Checking defaults for T1/cmr/m/n on input line 42.
LaTeX Font Info:    ... okay on input line 42.
LaTeX Font Info:    Checking defaults for TS1/cmr/m/n on input line 42.
LaTeX Font Info:    ... okay on input line 42.
LaTeX Font Info:    Checking defaults for OMX/cmex/m/n on input line 42.
LaTeX Font Info:    ... okay on input line 42.
LaTeX Font Info:    Checking defaults for U/cmr/m/n on input line 42.
LaTeX Font Info:    ... okay on input line 42.

-- Lines per column: 56 (exact).
(/usr/share/texlive/texmf-dist/tex/context/base/mkii/supp-pdf.mkii
[Loading MPS to PDF converter (version 2006.09.02).]
\scratchcounter=\count292
\scratchdimen=\dimen190
\scratchbox=\box59
\nofMPsegments=\count293
\nofMParguments=\count294
\everyMPshowfont=\toks29
\MPscratchCnt=\count295
\MPscratchDim=\dimen191
\MPnumerator=\count296
\makeMPintoPDFobject=\count297
\everyMPtoPDFconversion=\toks30
) (/usr/share/texlive/texmf-dist/tex/latex/epstopdf-pkg/epstopdf-base.sty
Package: epstopdf-base 2020-01-24 v2.11 Base part for package epstopdf
Package epstopdf-base Info: Redefining graphics rule for `.eps' on input line 4
85.

(/usr/share/texlive/texmf-dist/tex/latex/latexconfig/epstopdf-sys.cfg
File: epstopdf-sys.cfg 2010/07/13 v1.3 Configuration of (r)epstopdf for TeX Liv
e
))
LaTeX Font Info:    Calculating math sizes for size <11> on input line 62.
LaTeX Font Info:    Trying to load font information for U+msa on input line 62.


(/usr/share/texlive/texmf-dist/tex/latex/amsfonts/umsa.fd
File: umsa.fd 2013/01/14 v3.01 AMS symbols A
)
LaTeX Font Info:    Trying to load font information for U+msb on input line 62.


(/usr/share/texlive/texmf-dist/tex/latex/amsfonts/umsb.fd
File: umsb.fd 2013/01/14 v3.01 AMS symbols B
)
LaTeX Font Info:    Trying to load font information for OMS+ptm on input line 6
2.

(/usr/share/texlive/texmf-dist/tex/latex/psnfss/omsptm.fd
File: omsptm.fd 
)
LaTeX Font Info:    Font shape `OMS/ptm/m/n' in size <11> not available
(Font)              Font shape `OMS/cmsy/m/n' tried instead on input line 62.
 (./sec1_intro.tex
LaTeX Font Info:    Trying to load font information for OT1+pcr on input line 8
.

(/usr/share/texlive/texmf-dist/tex/latex/psnfss/ot1pcr.fd
File: ot1pcr.fd 2001/06/04 font definitions for OT1/pcr.
)
Underfull \hbox (badness 4454) in paragraph at lines 8--9
[]\OT1/ptm/m/n/10 The dis-tinc-tion mat-ters for database sys-tems. In a
 []


Underfull \hbox (badness 2376) in paragraph at lines 8--9
\OT1/ptm/m/n/10 task such as plac-ing a cup into a cab-i-net and clos-
 []


Underfull \hbox (badness 3601) in paragraph at lines 8--9
\OT1/ptm/m/n/10 ing the door, the rel-e-vant main-tained states may in-
 []

[1{/var/lib/texmf/fonts/map/pdftex/updmap/pdftex.map}


]) (./sec2_motiva.tex
Underfull \hbox (badness 2293) in paragraph at lines 42--44
\OT1/pcr/m/n/10 STATE_DIFF \OT1/ptm/m/n/10 asks which states changed be-tween t
wo
 []

[2]
LaTeX Font Info:    Trying to load font information for OT1+phv on input line 5
3.
 (/usr/share/texlive/texmf-dist/tex/latex/psnfss/ot1phv.fd
File: ot1phv.fd 2020/03/25 scalable font definitions for OT1/phv.
))
(./sec3_problem.tex
Underfull \hbox (badness 10000) in paragraph at lines 28--28
[]|\OT1/ptm/m/n/7 Predicate, ar-gu-ments,
 []


Underfull \hbox (badness 10000) in paragraph at lines 29--29
[]|\OT1/ptm/m/n/7 Predicate, valid time,
 []


Underfull \hbox (badness 1762) in paragraph at lines 29--30
[]|\OT1/ptm/m/n/7 Bitemporal avail-abil-ity and
 []


Underfull \hbox (badness 10000) in paragraph at lines 30--31
[]|\OT1/ptm/m/n/7 Provenance and ev-i-dence
 []


Underfull \hbox (badness 1629) in paragraph at lines 31--31
[]|\OT1/ptm/m/n/7 Scope, start time, end
 []


Overfull \hbox (10.08055pt too wide) in paragraph at lines 33--33
[]|\OT1/pcr/m/n/7 FIND_UNCERTAIN_STATES| 
 []


Underfull \hbox (badness 10000) in paragraph at lines 34--35
[]|\OT1/ptm/m/n/7 Task-derived pre-con-di-tion
 []


Overfull \hbox (5.88055pt too wide) in paragraph at lines 35--35
[]|\OT1/pcr/m/n/7 FAILURE_LOCALIZATION| 
 []


Underfull \hbox (badness 2460) in paragraph at lines 35--35
[]|\OT1/ptm/m/n/7 Goal sub-set and state
 []

[3]
Underfull \hbox (badness 10000) in paragraph at lines 103--106
[]\OT1/ptm/m/n/10 Correctness is not merely value equal-ity. For
 []


Underfull \hbox (badness 4779) in paragraph at lines 103--106
\OT1/pcr/m/n/10 CHECK_STATE\OT1/ptm/m/n/10 , a pre-dic-tion is ex-actly cor-rec
t when
 []


Underfull \hbox (badness 1960) in paragraph at lines 103--106
\OT1/ptm/m/n/10 the same rule is ap-plied af-ter en-forc-ing the re-quested
 []

[4]) (./sec4_design.tex
Underfull \hbox (badness 1533) in paragraph at lines 23--25
\OT1/ptm/m/n/10 sen-sor. Clean streams test ba-sic state-view con-struc-tion.
 []

[5]) (./sec5_artifact.tex
Underfull \hbox (badness 5652) in paragraph at lines 51--52
[]\OT1/ptm/m/n/10 The re-ported hard split fil-ters this can-di-date pool
 []


Underfull \hbox (badness 1881) in paragraph at lines 51--52
\OT1/ptm/m/n/10 into the pub-lic work-load shown in Ta-ble V[]. It keeps
 []


Underfull \hbox (badness 3590) in paragraph at lines 51--52
\OT1/ptm/m/n/10 the tem-po-ral and provenance-heavy probes, keeps one
 []

[6]
Underfull \hbox (badness 10000) in paragraph at lines 66--67
[]\OT1/ptm/m/n/10 The query dis-tri-bu-tion em-pha-sizes tem-po-
 []


Underfull \hbox (badness 10000) in paragraph at lines 66--67
\OT1/ptm/m/n/10 ral and provenance-heavy state main-te-nance.
 []


Underfull \hbox (badness 10000) in paragraph at lines 66--67
\OT1/pcr/m/n/10 AS_OF_STATE \OT1/ptm/m/n/10 and \OT1/pcr/m/n/10 WHY_STATE \OT1/
ptm/m/n/10 form the two
 []


Underfull \hbox (badness 10000) in paragraph at lines 66--67
\OT1/ptm/m/n/10 largest query fam-i-lies, fol-lowed by one episode-
 []


Underfull \hbox (badness 10000) in paragraph at lines 66--67
\OT1/ptm/m/n/10 level struc-tured query from each of \OT1/pcr/m/n/10 STATE_DIFF
\OT1/ptm/m/n/10 ,
 []


Underfull \hbox (badness 10000) in paragraph at lines 66--67
\OT1/pcr/m/n/10 FIND_UNCERTAIN_STATES\OT1/ptm/m/n/10 , \OT1/pcr/m/n/10 CHECK_PR
ECONDITION\OT1/ptm/m/n/10 ,
 []


Underfull \hbox (badness 3302) in paragraph at lines 66--67
\OT1/ptm/m/n/10 smaller sam-ples of \OT1/pcr/m/n/10 CHECK_STATE \OT1/ptm/m/n/10
 and \OT1/pcr/m/n/10 CHECK_GOAL
 []


Underfull \hbox (badness 2261) in paragraph at lines 66--67
\OT1/ptm/m/n/10 probes. The tar-get pred-i-cates cover ob-ject unary state,
 []


Underfull \hbox (badness 6268) in paragraph at lines 66--67
\OT1/ptm/m/n/10 ma-te-rial state, con-tain-ment, and con-tact con-fig-u-ra-tion
,
 []


Underfull \hbox (badness 10000) in paragraph at lines 66--67
\OT1/ptm/m/n/10 in-clud-ing \OT1/pcr/m/n/10 open\OT1/ptm/m/n/10 , \OT1/pcr/m/n/
10 covered\OT1/ptm/m/n/10 , \OT1/pcr/m/n/10 inside\OT1/ptm/m/n/10 , \OT1/pcr/m/
n/10 cooked\OT1/ptm/m/n/10 ,
 []


Underfull \hbox (badness 10000) in paragraph at lines 66--67
\OT1/pcr/m/n/10 toggled_on\OT1/ptm/m/n/10 , \OT1/pcr/m/n/10 temperature\OT1/ptm
/m/n/10 , \OT1/pcr/m/n/10 attached\OT1/ptm/m/n/10 , \OT1/pcr/m/n/10 frozen\OT1/
ptm/m/n/10 ,
 []


Underfull \hbox (badness 10000) in paragraph at lines 103--104
[]\OT1/ptm/m/n/10 The ar-ti-fact iden-ti-fier en-codes the re-lease
 []


Underfull \hbox (badness 10000) in paragraph at lines 103--104
\OT1/ptm/m/n/10 lin-eage and hard-split role. The re-ported ar-ti-fact,
 []


Underfull \hbox (badness 10000) in paragraph at lines 103--104
\OT1/pcr/m/n/10 public_final_570_hard_v1\OT1/ptm/m/n/10 , is there-fore not an
 []

[7]
Underfull \hbox (badness 2556) in paragraph at lines 105--106
\OT1/ptm/m/n/10 base-line run-ners, pre-dic-tions, and eval-u-a-tor out-puts fo
r
 []


Underfull \hbox (badness 10000) in paragraph at lines 105--106
\OT1/ptm/m/n/10 re-pro-duc-ing the re-ported re-sults. It is avail-able as
 []


Underfull \hbox (badness 8038) in paragraph at lines 105--106
\OT1/ptm/m/n/10 ver-sion v1.0 at $https : / / github . com / TheShadowFliesAway
 /
 []

) (./sec6_protocol.tex
Underfull \hbox (badness 1803) in paragraph at lines 7--10
[]\OT1/ptm/m/n/10 EviStateDB is a ref-er-ence base-line en-gine for EviS-
 []


Underfull \hbox (badness 1953) in paragraph at lines 39--40
[] []\OT1/ptm/m/n/8 Insert a new in-ter-val for the ob-served state atom start-
ing at
 []


Underfull \vbox (badness 1237) has occurred while \output is active []

 [8])
<figures/figA_benchmark_profile.pdf, id=44, 1211.5526pt x 608.8452pt>
File: figures/figA_benchmark_profile.pdf Graphic file (type pdf)
<use figures/figA_benchmark_profile.pdf>
Package pdftex.def Info: figures/figA_benchmark_profile.pdf  used on input line
 84.
(pdftex.def)             Requested size: 516.0pt x 259.30855pt.
<figures/figB_query_difficulty_matrix.pdf, id=45, 1308.05608pt x 804.08835pt>
File: figures/figB_query_difficulty_matrix.pdf Graphic file (type pdf)
<use figures/figB_query_difficulty_matrix.pdf>
Package pdftex.def Info: figures/figB_query_difficulty_matrix.pdf  used on inpu
t line 95.
(pdftex.def)             Requested size: 516.0pt x 317.2004pt.
<figures/figC_long_state_chain_timeline.pdf, id=46, 1273.02408pt x 623.80354pt>

File: figures/figC_long_state_chain_timeline.pdf Graphic file (type pdf)
<use figures/figC_long_state_chain_timeline.pdf>
Package pdftex.def Info: figures/figC_long_state_chain_timeline.pdf  used on in
put line 112.
(pdftex.def)             Requested size: 433.43811pt x 212.39499pt.
<figures/figD_baseline_main_results.pdf, id=47, 1233.18996pt x 651.47112pt>
File: figures/figD_baseline_main_results.pdf Graphic file (type pdf)
<use figures/figD_baseline_main_results.pdf>
Package pdftex.def Info: figures/figD_baseline_main_results.pdf  used on input 
line 121.
(pdftex.def)             Requested size: 516.0pt x 272.60205pt.

[9]
<figures/figE_failure_difficulty_analysis.pdf, id=51, 1215.56587pt x 302.19838p
t>
File: figures/figE_failure_difficulty_analysis.pdf Graphic file (type pdf)
<use figures/figE_failure_difficulty_analysis.pdf>
Package pdftex.def Info: figures/figE_failure_difficulty_analysis.pdf  used on 
input line 140.
(pdftex.def)             Requested size: 433.43811pt x 107.75381pt.
 [10 <./figures/figA_benchmark_profile.pdf>]
Underfull \vbox (badness 10000) has occurred while \output is active []


Overfull \vbox (13.45934pt too high) has occurred while \output is active []


[11 <./figures/figB_query_difficulty_matrix.pdf> <./figures/figC_long_state_cha
in_timeline.pdf>]
Underfull \vbox (badness 10000) has occurred while \output is active []

 [12 <./figures/figD_baseline_main_results.pdf> <./figures/figE_failure_difficu
lty_analysis.pdf>] (./sec0_main.bbl)

** Conference Paper **
Before submitting the final camera ready copy, remember to:

 1. Manually equalize the lengths of two columns on the last page
 of your paper;

 2. Ensure that any PostScript and/or PDF output post-processing
 uses only Type 1 fonts and that every step in the generation
 process uses the appropriate paper size.

[13] (./sec0_main.aux) ) 
Here is how much of TeX's memory you used:
 5169 strings out of 480171
 81321 string characters out of 5894490
 390756 words of memory out of 5000000
 23006 multiletter control sequences out of 15000+600000
 523324 words of font info for 134 fonts, out of 8000000 for 9000
 59 hyphenation exceptions out of 8191
 55i,17n,62p,2010b,414s stack positions out of 5000i,500n,10000p,200000b,80000s
{/usr/share/texlive/texmf-dist/fonts/enc/dvips/base/8r.
enc}</usr/share/texlive/texmf-dist/fonts/type1/public/amsfonts/cm/cmbx10.pfb></
usr/share/texlive/texmf-dist/fonts/type1/public/amsfonts/cm/cmmi10.pfb></usr/sh
are/texlive/texmf-dist/fonts/type1/public/amsfonts/cm/cmmi7.pfb></usr/share/tex
live/texmf-dist/fonts/type1/public/amsfonts/cm/cmmi8.pfb></usr/share/texlive/te
xmf-dist/fonts/type1/public/amsfonts/cm/cmr10.pfb></usr/share/texlive/texmf-dis
t/fonts/type1/public/amsfonts/cm/cmr7.pfb></usr/share/texlive/texmf-dist/fonts/
type1/public/amsfonts/cm/cmsy10.pfb></usr/share/texlive/texmf-dist/fonts/type1/
public/amsfonts/cm/cmsy7.pfb></usr/share/texlive/texmf-dist/fonts/type1/public/
amsfonts/cm/cmsy8.pfb></usr/share/texlive/texmf-dist/fonts/type1/public/amsfont
s/symbols/msam7.pfb></usr/share/texlive/texmf-dist/fonts/type1/urw/courier/ucrr
8a.pfb></usr/share/texlive/texmf-dist/fonts/type1/urw/helvetic/uhvr8a.pfb></usr
/share/texlive/texmf-dist/fonts/type1/urw/times/utmb8a.pfb></usr/share/texlive/
texmf-dist/fonts/type1/urw/times/utmbi8a.pfb></usr/share/texlive/texmf-dist/fon
ts/type1/urw/times/utmr8a.pfb></usr/share/texlive/texmf-dist/fonts/type1/urw/ti
mes/utmri8a.pfb>
Output written on sec0_main.pdf (13 pages, 374251 bytes).
PDF statistics:
 445 PDF objects out of 1000 (max. 8388607)
 111 compressed objects within 2 object streams
 0 named destinations out of 1000 (max. 500000)
 26 words of extra memory for PDF output out of 10000 (max. 10000000)

